// Jest Snapshot v1, https://goo.gl/fbAQLP

exports[`should render valid JSX (snapshot) 1`] = `
<div
  style={
    Object {
      "alignItems": "center",
      "display": "flex",
      "flexDirection": "column",
      "height": "100vh",
      "justifyContent": "center",
      "width": "100%",
    }
  }
>
  <img
    className="sc-bdVaJa hVsSlj"
    src="test-file-stub"
  />
  <div
    style={
      Object {
        "marginBottom": 25,
      }
    }
  >
    Hmm... This site hasn't 
    <span
      className="sc-bwzfXH kNXGbJ"
      onClick={[Function]}
    >
      hatched
    </span>
     quite yet
  </div>
  <div
    style={
      Object {
        "display": "flex",
      }
    }
  >
    <div
      style={
        Object {
          "margin": "0 15px",
        }
      }
    >
      <a
        href="https://www.facebook.com/jjflayhart"
        rel="noopener noreferrer"
        target="_blank"
      >
        <img
          src="test-file-stub"
          width="40"
        />
      </a>
    </div>
    <div
      style={
        Object {
          "margin": "0 15px",
        }
      }
    >
      <a
        href="https://twitter.com/joshflayhart"
        rel="noopener noreferrer"
        target="_blank"
      >
        <img
          src="test-file-stub"
          width="40"
        />
      </a>
    </div>
    <div
      style={
        Object {
          "margin": "0 15px",
        }
      }
    >
      <a
        href="https://www.linkedin.com/in/jflayhart"
        rel="noopener noreferrer"
        target="_blank"
      >
        <img
          src="test-file-stub"
          width="40"
        />
      </a>
    </div>
    <div
      style={
        Object {
          "margin": "0 15px",
        }
      }
    >
      <a
        href="https://github.com/jflayhart"
        rel="noopener noreferrer"
        target="_blank"
      >
        <img
          src="test-file-stub"
          width="40"
        />
      </a>
    </div>
  </div>
</div>
`;
